
> Task-Manager@0.0.1 test
> jest __tests__/app/actions/task-actions.test.ts

node.exe : FAIL __tests__
/app/actions/task-actions
.test.ts
At line:1 char:1
+ & "C:\Program 
Files\nodejs/node.exe" 
"C:\Program 
Files\nodejs/node_mo ...
+ ~~~~~~~~~~~~~~~~~~~~~~~
~~~~~~~~~~~~~~~~~~~~~~~~~
~~~~~~~~~~~~~~~~~~~~~
    + CategoryInfo       
       : NotSpecified:   
  (FAIL __tests__/...a   
 ctions.test.ts:Strin    
g) [], RemoteExcepti    
on
    + FullyQualifiedErro 
   rId : NativeCommandE  
  rror
 
  ΓùÅ Test suite failed 
to run

    Cannot find module 
'@/prisma' from 
'jest.setup.ts'

    [0m [90m 21 |[39m
     [90m 22 |[39m 
[90m// Mock Prisma[39m
    [31m[1m>[22m[39m
[90m 23 |[39m jest[33m.
[39mmock([32m'@/prisma'
[39m[33m,[39m () 
[33m=>[39m ({
     [90m    |[39m     
 [31m[1m^[22m[39m
     [90m 24 |[39m   
prisma[33m:[39m {
     [90m 25 |[39m     
user[33m:[39m {
     [90m 26 |[39m     
  findUnique[33m:[39m j
est[33m.[39mfn()[33m,
[39m[0m

      at Resolver._throwM
odNotFoundError (node_mod
ules/jest-resolve/build/i
ndex.js:863:11)
      at Object.mock 
(jest.setup.ts:23:6)

Test Suites: 1 failed, 1 
total
Tests:       0 total
Snapshots:   0 total
Time:        1.013 s
Ran all test suites 
matching __tests__/app/ac
tions/task-actions.test.t
s.
